// Jest Snapshot v1, https://goo.gl/fbAQLP

exports[`mount a vue component 1`] = `
<div>
  <h1>RichardHanks2020</h1>
</div>
`;
